// Jest Snapshot v1, https://goo.gl/fbAQLP

exports[`should render ExpenseDashboard correctly 1`] = `
<div>
  <h1>
    Dashboard Page Content
  </h1>
</div>
`;
